Device set to use cpu
INFO:     Started server process [2520]
INFO:     Waiting for application startup.
INFO:     Application startup complete.
INFO:     Uvicorn running on http://127.0.0.1:8002 (Press CTRL+C to quit)
C:\Users\mhf\Desktop\asr main\asr main\151-main\.venv\Lib\site-packages\transformers\models\whisper\generation_whisper.py:573: FutureWarning: The input name `inputs` is deprecated. Please make sure to use `input_features` instead.
  warnings.warn(
You have passed task=transcribe, but also have set `forced_decoder_ids` to [[1, None], [2, 50360]] which creates a conflict. `forced_decoder_ids` will be ignored in favor of task=transcribe.
ERROR:    Exception in ASGI application
Traceback (most recent call last):
  File "C:\Users\mhf\Desktop\asr main\asr main\151-main\.venv\Lib\site-packages\uvicorn\protocols\http\httptools_impl.py", line 401, in run_asgi
    result = await app(  # type: ignore[func-returns-value]
             ^^^^^^^^^^^^^^^^^^^^^^^^^^^^^^^^^^^^^^^^^^^^^^
  File "C:\Users\mhf\Desktop\asr main\asr main\151-main\.venv\Lib\site-packages\uvicorn\middleware\proxy_headers.py", line 70, in __call__
    return await self.app(scope, receive, send)
           ^^^^^^^^^^^^^^^^^^^^^^^^^^^^^^^^^^^^
  File "C:\Users\mhf\Desktop\asr main\asr main\151-main\.venv\Lib\site-packages\fastapi\applications.py", line 1054, in __call__
    await super().__call__(scope, receive, send)
  File "C:\Users\mhf\Desktop\asr main\asr main\151-main\.venv\Lib\site-packages\starlette\applications.py", line 113, in __call__
    await self.middleware_stack(scope, receive, send)
  File "C:\Users\mhf\Desktop\asr main\asr main\151-main\.venv\Lib\site-packages\starlette\middleware\errors.py", line 187, in __call__
    raise exc
  File "C:\Users\mhf\Desktop\asr main\asr main\151-main\.venv\Lib\site-packages\starlette\middleware\errors.py", line 165, in __call__
    await self.app(scope, receive, _send)
  File "C:\Users\mhf\Desktop\asr main\asr main\151-main\.venv\Lib\site-packages\starlette\middleware\exceptions.py", line 62, in __call__
    await wrap_app_handling_exceptions(self.app, conn)(scope, receive, send)
  File "C:\Users\mhf\Desktop\asr main\asr main\151-main\.venv\Lib\site-packages\starlette\_exception_handler.py", line 62, in wrapped_app
    raise exc
  File "C:\Users\mhf\Desktop\asr main\asr main\151-main\.venv\Lib\site-packages\starlette\_exception_handler.py", line 51, in wrapped_app
    await app(scope, receive, sender)
  File "C:\Users\mhf\Desktop\asr main\asr main\151-main\.venv\Lib\site-packages\starlette\routing.py", line 715, in __call__
    await self.middleware_stack(scope, receive, send)
  File "C:\Users\mhf\Desktop\asr main\asr main\151-main\.venv\Lib\site-packages\starlette\routing.py", line 735, in app
    await route.handle(scope, receive, send)
  File "C:\Users\mhf\Desktop\asr main\asr main\151-main\.venv\Lib\site-packages\starlette\routing.py", line 288, in handle
    await self.app(scope, receive, send)
  File "C:\Users\mhf\Desktop\asr main\asr main\151-main\.venv\Lib\site-packages\starlette\routing.py", line 76, in app
    await wrap_app_handling_exceptions(app, request)(scope, receive, send)
  File "C:\Users\mhf\Desktop\asr main\asr main\151-main\.venv\Lib\site-packages\starlette\_exception_handler.py", line 62, in wrapped_app
    raise exc
  File "C:\Users\mhf\Desktop\asr main\asr main\151-main\.venv\Lib\site-packages\starlette\_exception_handler.py", line 51, in wrapped_app
    await app(scope, receive, sender)
  File "C:\Users\mhf\Desktop\asr main\asr main\151-main\.venv\Lib\site-packages\starlette\routing.py", line 73, in app
    response = await f(request)
               ^^^^^^^^^^^^^^^^
  File "C:\Users\mhf\Desktop\asr main\asr main\151-main\.venv\Lib\site-packages\fastapi\routing.py", line 301, in app
    raw_response = await run_endpoint_function(
                   ^^^^^^^^^^^^^^^^^^^^^^^^^^^^
  File "C:\Users\mhf\Desktop\asr main\asr main\151-main\.venv\Lib\site-packages\fastapi\routing.py", line 214, in run_endpoint_function
    return await run_in_threadpool(dependant.call, **values)
           ^^^^^^^^^^^^^^^^^^^^^^^^^^^^^^^^^^^^^^^^^^^^^^^^^
  File "C:\Users\mhf\Desktop\asr main\asr main\151-main\.venv\Lib\site-packages\starlette\concurrency.py", line 39, in run_in_threadpool
    return await anyio.to_thread.run_sync(func, *args)
           ^^^^^^^^^^^^^^^^^^^^^^^^^^^^^^^^^^^^^^^^^^^
  File "C:\Users\mhf\Desktop\asr main\asr main\151-main\.venv\Lib\site-packages\anyio\to_thread.py", line 63, in run_sync
    return await get_async_backend().run_sync_in_worker_thread(
           ^^^^^^^^^^^^^^^^^^^^^^^^^^^^^^^^^^^^^^^^^^^^^^^^^^^^
  File "C:\Users\mhf\Desktop\asr main\asr main\151-main\.venv\Lib\site-packages\anyio\_backends\_asyncio.py", line 2596, in run_sync_in_worker_thread
    return await future
           ^^^^^^^^^^^^
  File "C:\Users\mhf\Desktop\asr main\asr main\151-main\.venv\Lib\site-packages\anyio\_backends\_asyncio.py", line 1029, in run
    result = context.run(func, *args)
             ^^^^^^^^^^^^^^^^^^^^^^^^
  File "C:\Users\mhf\Desktop\asr main\asr main\151-main\deploy\triton\compat_http_server.py", line 124, in infer
    result = pipe(
             ^^^^^
  File "C:\Users\mhf\Desktop\asr main\asr main\151-main\.venv\Lib\site-packages\transformers\pipelines\automatic_speech_recognition.py", line 283, in __call__
    return super().__call__(inputs, **kwargs)
           ^^^^^^^^^^^^^^^^^^^^^^^^^^^^^^^^^^
  File "C:\Users\mhf\Desktop\asr main\asr main\151-main\.venv\Lib\site-packages\transformers\pipelines\base.py", line 1360, in __call__
    return next(
           ^^^^^
  File "C:\Users\mhf\Desktop\asr main\asr main\151-main\.venv\Lib\site-packages\transformers\pipelines\pt_utils.py", line 124, in __next__
    item = next(self.iterator)
           ^^^^^^^^^^^^^^^^^^^
  File "C:\Users\mhf\Desktop\asr main\asr main\151-main\.venv\Lib\site-packages\transformers\pipelines\pt_utils.py", line 269, in __next__
    processed = self.infer(next(self.iterator), **self.params)
                ^^^^^^^^^^^^^^^^^^^^^^^^^^^^^^^^^^^^^^^^^^^^^^
  File "C:\Users\mhf\Desktop\asr main\asr main\151-main\.venv\Lib\site-packages\transformers\pipelines\base.py", line 1275, in forward
    model_outputs = self._forward(model_inputs, **forward_params)
                    ^^^^^^^^^^^^^^^^^^^^^^^^^^^^^^^^^^^^^^^^^^^^^
  File "C:\Users\mhf\Desktop\asr main\asr main\151-main\.venv\Lib\site-packages\transformers\pipelines\automatic_speech_recognition.py", line 521, in _forward
    tokens = self.model.generate(
             ^^^^^^^^^^^^^^^^^^^^
  File "C:\Users\mhf\Desktop\asr main\asr main\151-main\.venv\Lib\site-packages\transformers\models\whisper\generation_whisper.py", line 597, in generate
    timestamp_begin = self._set_return_timestamps(
                      ^^^^^^^^^^^^^^^^^^^^^^^^^^^^
  File "C:\Users\mhf\Desktop\asr main\asr main\151-main\.venv\Lib\site-packages\transformers\models\whisper\generation_whisper.py", line 1307, in _set_return_timestamps
    raise ValueError(
ValueError: You have passed more than 3000 mel input features (> 30 seconds) which automatically enables long-form generation which requires the model to predict timestamp tokens. Please either pass `return_timestamps=True` or make sure to pass no more than 3000 mel input features.
ERROR:    Exception in ASGI application
Traceback (most recent call last):
  File "C:\Users\mhf\Desktop\asr main\asr main\151-main\.venv\Lib\site-packages\uvicorn\protocols\http\httptools_impl.py", line 401, in run_asgi
    result = await app(  # type: ignore[func-returns-value]
             ^^^^^^^^^^^^^^^^^^^^^^^^^^^^^^^^^^^^^^^^^^^^^^
  File "C:\Users\mhf\Desktop\asr main\asr main\151-main\.venv\Lib\site-packages\uvicorn\middleware\proxy_headers.py", line 70, in __call__
    return await self.app(scope, receive, send)
           ^^^^^^^^^^^^^^^^^^^^^^^^^^^^^^^^^^^^
  File "C:\Users\mhf\Desktop\asr main\asr main\151-main\.venv\Lib\site-packages\fastapi\applications.py", line 1054, in __call__
    await super().__call__(scope, receive, send)
  File "C:\Users\mhf\Desktop\asr main\asr main\151-main\.venv\Lib\site-packages\starlette\applications.py", line 113, in __call__
    await self.middleware_stack(scope, receive, send)
  File "C:\Users\mhf\Desktop\asr main\asr main\151-main\.venv\Lib\site-packages\starlette\middleware\errors.py", line 187, in __call__
    raise exc
  File "C:\Users\mhf\Desktop\asr main\asr main\151-main\.venv\Lib\site-packages\starlette\middleware\errors.py", line 165, in __call__
    await self.app(scope, receive, _send)
  File "C:\Users\mhf\Desktop\asr main\asr main\151-main\.venv\Lib\site-packages\starlette\middleware\exceptions.py", line 62, in __call__
    await wrap_app_handling_exceptions(self.app, conn)(scope, receive, send)
  File "C:\Users\mhf\Desktop\asr main\asr main\151-main\.venv\Lib\site-packages\starlette\_exception_handler.py", line 62, in wrapped_app
    raise exc
  File "C:\Users\mhf\Desktop\asr main\asr main\151-main\.venv\Lib\site-packages\starlette\_exception_handler.py", line 51, in wrapped_app
    await app(scope, receive, sender)
  File "C:\Users\mhf\Desktop\asr main\asr main\151-main\.venv\Lib\site-packages\starlette\routing.py", line 715, in __call__
    await self.middleware_stack(scope, receive, send)
  File "C:\Users\mhf\Desktop\asr main\asr main\151-main\.venv\Lib\site-packages\starlette\routing.py", line 735, in app
    await route.handle(scope, receive, send)
  File "C:\Users\mhf\Desktop\asr main\asr main\151-main\.venv\Lib\site-packages\starlette\routing.py", line 288, in handle
    await self.app(scope, receive, send)
  File "C:\Users\mhf\Desktop\asr main\asr main\151-main\.venv\Lib\site-packages\starlette\routing.py", line 76, in app
    await wrap_app_handling_exceptions(app, request)(scope, receive, send)
  File "C:\Users\mhf\Desktop\asr main\asr main\151-main\.venv\Lib\site-packages\starlette\_exception_handler.py", line 62, in wrapped_app
    raise exc
  File "C:\Users\mhf\Desktop\asr main\asr main\151-main\.venv\Lib\site-packages\starlette\_exception_handler.py", line 51, in wrapped_app
    await app(scope, receive, sender)
  File "C:\Users\mhf\Desktop\asr main\asr main\151-main\.venv\Lib\site-packages\starlette\routing.py", line 73, in app
    response = await f(request)
               ^^^^^^^^^^^^^^^^
  File "C:\Users\mhf\Desktop\asr main\asr main\151-main\.venv\Lib\site-packages\fastapi\routing.py", line 301, in app
    raw_response = await run_endpoint_function(
                   ^^^^^^^^^^^^^^^^^^^^^^^^^^^^
  File "C:\Users\mhf\Desktop\asr main\asr main\151-main\.venv\Lib\site-packages\fastapi\routing.py", line 214, in run_endpoint_function
    return await run_in_threadpool(dependant.call, **values)
           ^^^^^^^^^^^^^^^^^^^^^^^^^^^^^^^^^^^^^^^^^^^^^^^^^
  File "C:\Users\mhf\Desktop\asr main\asr main\151-main\.venv\Lib\site-packages\starlette\concurrency.py", line 39, in run_in_threadpool
    return await anyio.to_thread.run_sync(func, *args)
           ^^^^^^^^^^^^^^^^^^^^^^^^^^^^^^^^^^^^^^^^^^^
  File "C:\Users\mhf\Desktop\asr main\asr main\151-main\.venv\Lib\site-packages\anyio\to_thread.py", line 63, in run_sync
    return await get_async_backend().run_sync_in_worker_thread(
           ^^^^^^^^^^^^^^^^^^^^^^^^^^^^^^^^^^^^^^^^^^^^^^^^^^^^
  File "C:\Users\mhf\Desktop\asr main\asr main\151-main\.venv\Lib\site-packages\anyio\_backends\_asyncio.py", line 2596, in run_sync_in_worker_thread
    return await future
           ^^^^^^^^^^^^
  File "C:\Users\mhf\Desktop\asr main\asr main\151-main\.venv\Lib\site-packages\anyio\_backends\_asyncio.py", line 1029, in run
    result = context.run(func, *args)
             ^^^^^^^^^^^^^^^^^^^^^^^^
  File "C:\Users\mhf\Desktop\asr main\asr main\151-main\deploy\triton\compat_http_server.py", line 124, in infer
    result = pipe(
             ^^^^^
  File "C:\Users\mhf\Desktop\asr main\asr main\151-main\.venv\Lib\site-packages\transformers\pipelines\automatic_speech_recognition.py", line 283, in __call__
    return super().__call__(inputs, **kwargs)
           ^^^^^^^^^^^^^^^^^^^^^^^^^^^^^^^^^^
  File "C:\Users\mhf\Desktop\asr main\asr main\151-main\.venv\Lib\site-packages\transformers\pipelines\base.py", line 1360, in __call__
    return next(
           ^^^^^
  File "C:\Users\mhf\Desktop\asr main\asr main\151-main\.venv\Lib\site-packages\transformers\pipelines\pt_utils.py", line 124, in __next__
    item = next(self.iterator)
           ^^^^^^^^^^^^^^^^^^^
  File "C:\Users\mhf\Desktop\asr main\asr main\151-main\.venv\Lib\site-packages\transformers\pipelines\pt_utils.py", line 269, in __next__
    processed = self.infer(next(self.iterator), **self.params)
                ^^^^^^^^^^^^^^^^^^^^^^^^^^^^^^^^^^^^^^^^^^^^^^
  File "C:\Users\mhf\Desktop\asr main\asr main\151-main\.venv\Lib\site-packages\transformers\pipelines\base.py", line 1275, in forward
    model_outputs = self._forward(model_inputs, **forward_params)
                    ^^^^^^^^^^^^^^^^^^^^^^^^^^^^^^^^^^^^^^^^^^^^^
  File "C:\Users\mhf\Desktop\asr main\asr main\151-main\.venv\Lib\site-packages\transformers\pipelines\automatic_speech_recognition.py", line 521, in _forward
    tokens = self.model.generate(
             ^^^^^^^^^^^^^^^^^^^^
  File "C:\Users\mhf\Desktop\asr main\asr main\151-main\.venv\Lib\site-packages\transformers\models\whisper\generation_whisper.py", line 597, in generate
    timestamp_begin = self._set_return_timestamps(
                      ^^^^^^^^^^^^^^^^^^^^^^^^^^^^
  File "C:\Users\mhf\Desktop\asr main\asr main\151-main\.venv\Lib\site-packages\transformers\models\whisper\generation_whisper.py", line 1307, in _set_return_timestamps
    raise ValueError(
ValueError: You have passed more than 3000 mel input features (> 30 seconds) which automatically enables long-form generation which requires the model to predict timestamp tokens. Please either pass `return_timestamps=True` or make sure to pass no more than 3000 mel input features.
